// Jest Snapshot v1, https://jestjs.io/docs/snapshot-testing

exports[`ValidateCredentialsUseCase returns user when credentials are valid 1`] = `
{
  "createdAt": Any<Date>,
  "email": "john@example.com",
  "id": 1,
  "name": "John Doe",
  "password": "hashed-secret123",
  "updatedAt": Any<Date>,
}
`;
